
> frontend@0.1.0 build
> next build

  Γû▓ Next.js 14.2.33
  - Environments: .env.local, .env

   Creating an optimized production build ...
 Γ£ô Compiled successfully
   Linting and checking validity of types ...
node.exe : Failed to compile.
At line:1 char:1
+ & "D:\coding softwares\nodejs/node.exe" "C:\Users\Tokey 
Zawad\AppData ...
+ ~~~~~~~~~~~~~~~~~~~~~~~~~~~~~~~~~~~~~~~~~~~~~~~~~~~~~~~~~~~~
~~~~~~~~~
    + CategoryInfo          : NotSpecified: (Failed to compil 
   e.:String) [], RemoteException
    + FullyQualifiedErrorId : NativeCommandError
 

./src/app/profile/page.tsx:39:9
Type error: Type 'Resolver<{ firstName: string; lastName: 
string; phoneNumber: string; address: string; dateOfBirth: 
Date; gender: string; maritalStatus: string; 
emergencyContactName: string; emergencyContactRelation: 
string; emergencyContactPhone: string; }, unknown, { ...; }>' 
is not assignable to type 'Resolver<{ firstName: string; 
lastName: string; phoneNumber: string; address: string; 
dateOfBirth: Date | null; gender: string; maritalStatus: 
string; emergencyContactName: string; 
emergencyContactRelation: string; emergencyContactPhone: 
string; }, unknown, { ...; }>'.
  Types of parameters 'values' and 'values' are incompatible.
    Type '{ firstName: string; lastName: string; phoneNumber: 
string; address: string; dateOfBirth: Date | null; gender: 
string; maritalStatus: string; emergencyContactName: string; 
emergencyContactRelation: string; emergencyContactPhone: 
string; }' is not assignable to type '{ firstName: string; 
lastName: string; phoneNumber: string; address: string; 
dateOfBirth: Date; gender: string; maritalStatus: string; 
emergencyContactName: string; emergencyContactRelation: 
string; emergencyContactPhone: string; }'.
      Types of property 'dateOfBirth' are incompatible.
        Type 'Date | null' is not assignable to type 'Date'.
          Type 'null' is not assignable to type 'Date'.

[0m [90m 37 |[39m[0m
[0m [90m 38 |[39m     [36mconst[39m { 
register[33m,[39m handleSubmit[33m,[39m 
control[33m,[39m reset[33m,[39m formState[33m:[39m { 
errors } } [33m=[39m useForm({[0m
[0m[31m[1m>[22m[39m[90m 39 |[39m         
resolver[33m:[39m yupResolver(profileSchema)[33m,[39m[0m
[0m [90m    |[39m         [31m[1m^[22m[39m[0m
[0m [90m 40 |[39m         defaultValues[33m:[39m {[0m
[0m [90m 41 |[39m             firstName[33m:[39m 
[32m''[39m[33m,[39m[0m
[0m [90m 42 |[39m             lastName[33m:[39m 
[32m''[39m[33m,[39m[0m
Next.js build worker exited with code: 1 and signal: null
