src/app/profile/page.tsx(39,9): error TS2322: Type 'Resolver<{ firstName: string; lastName: string; phoneNumber: string; address: string; dateOfBirth: Date; gender: string; maritalStatus: string; emergencyContactName: string | null | undefined; emergencyContactRelation: string | ... 1 more ... | undefined; emergencyContactPhone: string | ... 1 more ... | undefined; }...' is not assignable to type 'Resolver<{ emergencyContactName?: string | null | undefined; emergencyContactRelation?: string | null | undefined; emergencyContactPhone?: string | null | undefined; firstName: string; ... 5 more ...; maritalStatus: string; }, any, { ...; }>'.
  Types of parameters 'values' and 'values' are incompatible.
    Type '{ emergencyContactName?: string | null | undefined; emergencyContactRelation?: string | null | undefined; emergencyContactPhone?: string | null | undefined; firstName: string; lastName: string; ... 4 more ...; maritalStatus: string; }' is not assignable to type '{ firstName: string; lastName: string; phoneNumber: string; address: string; dateOfBirth: Date; gender: string; maritalStatus: string; emergencyContactName: string | null | undefined; emergencyContactRelation: string | ... 1 more ... | undefined; emergencyContactPhone: string | ... 1 more ... | undefined; }'.
      Property 'emergencyContactName' is optional in type '{ emergencyContactName?: string | null | undefined; emergencyContactRelation?: string | null | undefined; emergencyContactPhone?: string | null | undefined; firstName: string; lastName: string; ... 4 more ...; maritalStatus: string; }' but required in type '{ firstName: string; lastName: string; phoneNumber: string; address: string; dateOfBirth: Date; gender: string; maritalStatus: string; emergencyContactName: string | null | undefined; emergencyContactRelation: string | ... 1 more ... | undefined; emergencyContactPhone: string | ... 1 more ... | undefined; }'.
src/app/profile/page.tsx(45,13): error TS2322: Type 'null' is not assignable to type 'Date | undefined'.
src/app/profile/page.tsx(61,17): error TS2322: Type 'Date | null' is not assignable to type 'Date | undefined'.
  Type 'null' is not assignable to type 'Date | undefined'.
src/app/profile/page.tsx(194,62): error TS2345: Argument of type '(data: ProfileFormData) => Promise<void>' is not assignable to parameter of type 'SubmitHandler<TFieldValues>'.
  Types of parameters 'data' and 'data' are incompatible.
    Type 'TFieldValues' is not assignable to type '{ emergencyContactName?: string | null | undefined; emergencyContactRelation?: string | null | undefined; emergencyContactPhone?: string | null | undefined; firstName: string; lastName: string; ... 4 more ...; maritalStatus: string; }'.
      Type 'FieldValues' is missing the following properties from type '{ emergencyContactName?: string | null | undefined; emergencyContactRelation?: string | null | undefined; emergencyContactPhone?: string | null | undefined; firstName: string; lastName: string; ... 4 more ...; maritalStatus: string; }': firstName, lastName, phoneNumber, address, and 3 more.
src/components/hrm/AssetComponents.tsx(172,9): error TS2322: Type 'Resolver<{ name: string; serialNumber: string; type: string; purchaseDate: string; purchasePrice: number | null | undefined; }, any, { purchasePrice?: number | null | undefined; name: string; type: string; serialNumber: string; purchaseDate: string; }>' is not assignable to type 'Resolver<{ purchasePrice?: number | null | undefined; name: string; type: string; serialNumber: string; purchaseDate: string; }, any, { purchasePrice?: number | null | undefined; name: string; type: string; serialNumber: string; purchaseDate: string; }>'.
  Types of parameters 'values' and 'values' are incompatible.
    Type '{ purchasePrice?: number | null | undefined; name: string; type: string; serialNumber: string; purchaseDate: string; }' is not assignable to type '{ name: string; serialNumber: string; type: string; purchaseDate: string; purchasePrice: number | null | undefined; }'.
      Property 'purchasePrice' is optional in type '{ purchasePrice?: number | null | undefined; name: string; type: string; serialNumber: string; purchaseDate: string; }' but required in type '{ name: string; serialNumber: string; type: string; purchaseDate: string; purchasePrice: number | null | undefined; }'.
src/components/hrm/AssetComponents.tsx(238,58): error TS2345: Argument of type '(data: AssetFormData) => Promise<void>' is not assignable to parameter of type 'SubmitHandler<TFieldValues>'.
  Types of parameters 'data' and 'data' are incompatible.
    Type 'TFieldValues' is not assignable to type '{ purchasePrice?: number | null | undefined; name: string; type: string; serialNumber: string; purchaseDate: string; }'.
      Type 'FieldValues' is missing the following properties from type '{ purchasePrice?: number | null | undefined; name: string; type: string; serialNumber: string; purchaseDate: string; }': name, type, serialNumber, purchaseDate
src/components/hrm/AssetComponents.tsx(327,9): error TS2322: Type 'Resolver<{ employeeId: string; notes: string | undefined; }, any, { notes?: string | undefined; employeeId: string; }>' is not assignable to type 'Resolver<{ notes?: string | undefined; employeeId: string; }, any, { notes?: string | undefined; employeeId: string; }>'.
  Types of parameters 'values' and 'values' are incompatible.
    Type '{ notes?: string | undefined; employeeId: string; }' is not assignable to type '{ employeeId: string; notes: string | undefined; }'.
      Property 'notes' is optional in type '{ notes?: string | undefined; employeeId: string; }' but required in type '{ employeeId: string; notes: string | undefined; }'.
src/components/hrm/AssetComponents.tsx(376,58): error TS2345: Argument of type '(data: AssignmentFormData) => Promise<void>' is not assignable to parameter of type 'SubmitHandler<TFieldValues>'.
  Types of parameters 'data' and 'data' are incompatible.
    Type 'TFieldValues' is not assignable to type '{ notes?: string | undefined; employeeId: string; }'.
      Property 'employeeId' is missing in type 'FieldValues' but required in type '{ notes?: string | undefined; employeeId: string; }'.
src/components/hrm/AssetComponents.tsx(440,9): error TS2322: Type 'Resolver<{ description: string; cost: number | null | undefined; date: string; performedBy: string | undefined; }, any, { cost?: number | null | undefined; performedBy?: string | undefined; date: string; description: string; }>' is not assignable to type 'Resolver<{ cost?: number | null | undefined; performedBy?: string | undefined; date: string; description: string; }, any, { cost?: number | null | undefined; performedBy?: string | undefined; date: string; description: string; }>'.
  Types of parameters 'values' and 'values' are incompatible.
    Type '{ cost?: number | null | undefined; performedBy?: string | undefined; date: string; description: string; }' is not assignable to type '{ description: string; cost: number | null | undefined; date: string; performedBy: string | undefined; }'.
      Property 'cost' is optional in type '{ cost?: number | null | undefined; performedBy?: string | undefined; date: string; description: string; }' but required in type '{ description: string; cost: number | null | undefined; date: string; performedBy: string | undefined; }'.
src/components/hrm/AssetComponents.tsx(491,58): error TS2345: Argument of type '(data: MaintenanceFormData) => Promise<void>' is not assignable to parameter of type 'SubmitHandler<TFieldValues>'.
  Types of parameters 'data' and 'data' are incompatible.
    Type 'TFieldValues' is not assignable to type '{ cost?: number | null | undefined; performedBy?: string | undefined; date: string; description: string; }'.
      Type 'FieldValues' is missing the following properties from type '{ cost?: number | null | undefined; performedBy?: string | undefined; date: string; description: string; }': date, description
src/components/hrm/ComplianceComponents.tsx(54,9): error TS2322: Type 'Resolver<{ name: string; description: string | undefined; type: string; threshold: number; }, any, { description?: string | undefined; name: string; type: string; threshold: number; }>' is not assignable to type 'Resolver<{ description?: string | undefined; name: string; type: string; threshold: number; }, any, { description?: string | undefined; name: string; type: string; threshold: number; }>'.
  Types of parameters 'values' and 'values' are incompatible.
    Type '{ description?: string | undefined; name: string; type: string; threshold: number; }' is not assignable to type '{ name: string; description: string | undefined; type: string; threshold: number; }'.
      Property 'description' is optional in type '{ description?: string | undefined; name: string; type: string; threshold: number; }' but required in type '{ name: string; description: string | undefined; type: string; threshold: number; }'.
src/components/hrm/ComplianceComponents.tsx(70,42): error TS2345: Argument of type '(data: RuleFormData) => Promise<void>' is not assignable to parameter of type 'SubmitHandler<TFieldValues>'.
  Types of parameters 'data' and 'data' are incompatible.
    Type 'TFieldValues' is not assignable to type '{ description?: string | undefined; name: string; type: string; threshold: number; }'.
      Type 'FieldValues' is missing the following properties from type '{ description?: string | undefined; name: string; type: string; threshold: number; }': name, type, threshold
src/components/hrm/DepartmentComponents.tsx(61,5): error TS2322: Type 'Resolver<{ name: string; description: string | undefined; managerId: string | null | undefined; parentDepartmentId: string | null | undefined; }, any, { description?: string | undefined; managerId?: string | ... 1 more ... | undefined; parentDepartmentId?: string | ... 1 more ... | undefined; name: string; }>' is not assignable to type 'Resolver<{ description?: string | undefined; managerId?: string | null | undefined; parentDepartmentId?: string | null | undefined; name: string; }, any, { description?: string | undefined; managerId?: string | ... 1 more ... | undefined; parentDepartmentId?: string | ... 1 more ... | undefined; name: string; }>'.
  Types of parameters 'values' and 'values' are incompatible.
    Type '{ description?: string | undefined; managerId?: string | null | undefined; parentDepartmentId?: string | null | undefined; name: string; }' is not assignable to type '{ name: string; description: string | undefined; managerId: string | null | undefined; parentDepartmentId: string | null | undefined; }'.
      Property 'description' is optional in type '{ description?: string | undefined; managerId?: string | null | undefined; parentDepartmentId?: string | null | undefined; name: string; }' but required in type '{ name: string; description: string | undefined; managerId: string | null | undefined; parentDepartmentId: string | null | undefined; }'.
src/components/hrm/DepartmentComponents.tsx(112,36): error TS2345: Argument of type '(data: DepartmentFormData) => Promise<void>' is not assignable to parameter of type 'SubmitHandler<TFieldValues>'.
  Types of parameters 'data' and 'data' are incompatible.
    Type 'TFieldValues' is not assignable to type '{ description?: string | undefined; managerId?: string | null | undefined; parentDepartmentId?: string | null | undefined; name: string; }'.
      Property 'name' is missing in type 'FieldValues' but required in type '{ description?: string | undefined; managerId?: string | null | undefined; parentDepartmentId?: string | null | undefined; name: string; }'.
src/components/hrm/performance/ReviewForm.tsx(45,9): error TS2322: Type 'Resolver<{ ratings: {}; comments: string | undefined; }, any, { comments?: string | undefined; ratings: {}; }>' is not assignable to type 'Resolver<{ comments?: string | undefined; ratings: {}; }, any, { comments?: string | undefined; ratings: {}; }>'.
  Types of parameters 'values' and 'values' are incompatible.
    Type '{ comments?: string | undefined; ratings: {}; }' is not assignable to type '{ ratings: {}; comments: string | undefined; }'.
      Property 'comments' is optional in type '{ comments?: string | undefined; ratings: {}; }' but required in type '{ ratings: {}; comments: string | undefined; }'.
src/components/hrm/performance/ReviewForm.tsx(140,62): error TS2345: Argument of type '(data: ReviewFormData) => void' is not assignable to parameter of type 'SubmitHandler<TFieldValues>'.
  Types of parameters 'data' and 'data' are incompatible.
    Type 'TFieldValues' is not assignable to type '{ comments?: string | undefined; ratings: {}; }'.
      Property 'ratings' is missing in type 'FieldValues' but required in type '{ comments?: string | undefined; ratings: {}; }'.
src/components/hrm/RoleComponents.tsx(59,9): error TS2322: Type 'Resolver<{ name: string; description: string | undefined; permissionIds: string[] | undefined; }, any, { description?: string | undefined; permissionIds?: string[] | undefined; name: string; }>' is not assignable to type 'Resolver<{ description?: string | undefined; permissionIds?: string[] | undefined; name: string; }, any, { description?: string | undefined; permissionIds?: string[] | undefined; name: string; }>'.
  Types of parameters 'values' and 'values' are incompatible.
    Type '{ description?: string | undefined; permissionIds?: string[] | undefined; name: string; }' is not assignable to type '{ name: string; description: string | undefined; permissionIds: string[] | undefined; }'.
      Property 'description' is optional in type '{ description?: string | undefined; permissionIds?: string[] | undefined; name: string; }' but required in type '{ name: string; description: string | undefined; permissionIds: string[] | undefined; }'.
src/components/hrm/RoleComponents.tsx(133,42): error TS2345: Argument of type '(data: RoleFormData) => Promise<void>' is not assignable to parameter of type 'SubmitHandler<TFieldValues>'.
  Types of parameters 'data' and 'data' are incompatible.
    Type 'TFieldValues' is not assignable to type '{ description?: string | undefined; permissionIds?: string[] | undefined; name: string; }'.
      Property 'name' is missing in type 'FieldValues' but required in type '{ description?: string | undefined; permissionIds?: string[] | undefined; name: string; }'.
src/components/ui/Header.tsx(222,88): error TS2322: Type 'User' is not assignable to type '{ firstName?: string | undefined; lastName?: string | undefined; email?: string | undefined; }'.
  Types of property 'firstName' are incompatible.
    Type 'string | null' is not assignable to type 'string | undefined'.
      Type 'null' is not assignable to type 'string | undefined'.
